<world>
	<terrain id="2" name="Terrain 2" type="2" position="100.000000;0.000000;50.000000" scale="3.000000;0.100000;3.000000" rotation="0.000000;0.000000;0.000000" path="data/textures/heightmap64.bmp" texture="data/textures/grass.dds" layer1="data/textures/dirt.dds" layer1_normal="data/textures/dirt_n.dds" layer2="data/textures/dirt2.dds" layer2_normal="data/textures/dirt2_n.dds" layer3="data/textures/stone001.dds" layer3_normal="data/textures/stone001_n.dds" layer_alpha="data/textures/alpha002.dds" rotation="0.000000;0.000000;0.000000" texture_normal="data/textures/grass_n.dds" type="2">
	</terrain>
	<model id="3" name="Object 3" type="1" position="240.000000;5.000000;128.000000" scale="1.000000;1.000000;1.000000" rotation="0.000000;-90.000000;0.000000" path="data/models/house.obj" texture="data/textures/wood.dds" alpha="1" shadow="1" type="1">
	</model>
	<water id="4" name="Water 4" type="3" position="280.000000;4.000000;200.000000" scale="30.000000;1.000000;30.000000" rotation="0.000000;0.000000;0.000000" path="data/models/water.ds" texture="data/textures/water01.dds" height="4.000000" refraction_scale="0.200000" targetId="2" tiling="0.100000;0.100000" type="3">
	</water>
</world>